# FROM openjdk:11-jdk-slim-buster as build
# RUN mkdir -p /tmp
# WORKDIR /opt/src/app

# # copy jar
# COPY target/spring-boot-hello-1.0.jar app.jar

# FROM kontainapp/runenv-jdk-11 as release
# COPY --from=build /opt/src /opt/src
# COPY --from=build /tmp /tmp

# WORKDIR /opt/src/app

# EXPOSE 8080
# ENV KM_MGTPIPE=/tmp/km.sock
# CMD [ "java", "-XX:-UseCompressedOops", "-jar", "app.jar" ]

FROM kg/springboothello
# FROM kontainapp/spring-boot-demo

ARG TARGET_SNAP=kmsnap
COPY ${TARGET_SNAP} /kmsnap
EXPOSE 8080/tcp
ENV KM_MGTPIPE=/tmp/km.snap_sock
CMD ["/kmsnap"]